== Info: Host localhost:56445 was resolved.
== Info: IPv6: ::1
== Info: IPv4: 127.0.0.1
== Info:   Trying [::1]:56445...
== Info: connect to ::1 port 56445 from ::1 port 56511 failed: Connection refused
== Info:   Trying 127.0.0.1:56445...
== Info: Connected to localhost (127.0.0.1) port 56445
=> Send header, 102 bytes (0x66)
0000: GET /api/links/hiRI8L6f/stats HTTP/1.1
0028: Host: localhost:56445
003f: User-Agent: curl/8.7.1
0057: Accept: */*
0064: 
== Info: Request completely sent off
<= Recv header, 15 bytes (0xf)
0000: HTTP/1.1 200 
<= Recv header, 52 bytes (0x34)
0000: X-Request-Id: b5a3e2af-f0e7-42b3-a690-b7281fdc1e41
<= Recv header, 32 bytes (0x20)
0000: Content-Type: application/json
<= Recv header, 21 bytes (0x15)
0000: Content-Length: 181
<= Recv header, 37 bytes (0x25)
0000: Date: Sun, 04 Oct 2026 01:54:57 GMT
<= Recv header, 2 bytes (0x2)
0000: 
<= Recv data, 181 bytes (0xb5)
0000: {"code":"hiRI8L6f","totalClicks":3,"clicksPerDay":[{"date":"2026
0040: -10-04","clicks":3,"uniqueVisitors":2,"botClicks":0}],"topReferr
0080: ers":[{"referrer":"https://ref.example","clicks":3}]}
== Info: Connection #0 to host localhost left intact
