== Info: Host localhost:56560 was resolved.
== Info: IPv6: ::1
== Info: IPv4: 127.0.0.1
== Info:   Trying [::1]:56560...
== Info: connect to ::1 port 56560 from ::1 port 56601 failed: Connection refused
== Info:   Trying 127.0.0.1:56560...
== Info: Connected to localhost (127.0.0.1) port 56560
=> Send header, 126 bytes (0x7e)
0000: GET /api/links/zzzzzzzz HTTP/1.1
0022: Host: localhost:56560
0039: User-Agent: curl/8.7.1
0051: Accept: */*
005e: X-Forwarded-For: 203.0.113.8
007c: 
== Info: Request completely sent off
<= Recv header, 15 bytes (0xf)
0000: HTTP/1.1 404 
<= Recv header, 52 bytes (0x34)
0000: X-Request-Id: 4198ca7d-a651-4786-8e7e-5f4390b88989
<= Recv header, 40 bytes (0x28)
0000: Content-Type: application/problem+json
<= Recv header, 28 bytes (0x1c)
0000: Transfer-Encoding: chunked
<= Recv header, 37 bytes (0x25)
0000: Date: Sun, 04 Oct 2026 01:55:01 GMT
<= Recv header, 2 bytes (0x2)
0000: 
<= Recv data, 99 bytes (0x63)
0000: 5d
0004: {"instance":"urn:uuid:4198ca7d-a651-4786-8e7e-5f4390b88989","sta
0044: tus":404,"title":"Not Found"}
<= Recv data, 5 bytes (0x5)
0000: 0
0003: 
== Info: Connection #0 to host localhost left intact
