== Info: Host localhost:56676 was resolved.
== Info: IPv6: ::1
== Info: IPv4: 127.0.0.1
== Info:   Trying [::1]:56676...
== Info: connect to ::1 port 56676 from ::1 port 56722 failed: Connection refused
== Info:   Trying 127.0.0.1:56676...
== Info: Connected to localhost (127.0.0.1) port 56676
=> Send header, 88 bytes (0x58)
0000: HEAD /api/audit HTTP/1.1
001a: Host: localhost:56676
0031: User-Agent: curl/8.7.1
0049: Accept: */*
0056: 
== Info: Request completely sent off
<= Recv header, 15 bytes (0xf)
0000: HTTP/1.1 403 
<= Recv header, 52 bytes (0x34)
0000: X-Request-Id: e12301b7-eb79-4c9b-a348-95242a69ebc8
<= Recv header, 40 bytes (0x28)
0000: Content-Type: application/problem+json
<= Recv header, 37 bytes (0x25)
0000: Date: Sun, 04 Oct 2026 01:55:06 GMT
<= Recv header, 2 bytes (0x2)
0000: 
== Info: Connection #0 to host localhost left intact
