== Info: Host localhost:56885 was resolved.
== Info: IPv6: ::1
== Info: IPv4: 127.0.0.1
== Info:   Trying [::1]:56885...
== Info: connect to ::1 port 56885 from ::1 port 56921 failed: Connection refused
== Info:   Trying 127.0.0.1:56885...
== Info: Connected to localhost (127.0.0.1) port 56885
=> Send header, 87 bytes (0x57)
0000: GET /api/audit HTTP/1.1
0019: Host: localhost:56885
0030: User-Agent: curl/8.7.1
0048: Accept: */*
0055: 
== Info: Request completely sent off
<= Recv header, 15 bytes (0xf)
0000: HTTP/1.1 200 
<= Recv header, 52 bytes (0x34)
0000: X-Request-Id: 769bcf1f-6e3f-47ea-9cac-dd33cf9a22fc
<= Recv header, 32 bytes (0x20)
0000: Content-Type: application/json
<= Recv header, 28 bytes (0x1c)
0000: Transfer-Encoding: chunked
<= Recv header, 37 bytes (0x25)
0000: Date: Sun, 04 Oct 2026 01:55:15 GMT
<= Recv header, 2 bytes (0x2)
0000: 
<= Recv data, 30 bytes (0x1e)
0000: 18
0004: {"items":[],"next":null}
<= Recv data, 5 bytes (0x5)
0000: 0
0003: 
== Info: Connection #0 to host localhost left intact
