== Info: Host localhost:60756 was resolved.
== Info: IPv6: ::1
== Info: IPv4: 127.0.0.1
== Info:   Trying [::1]:60756...
== Info: connect to ::1 port 60756 from ::1 port 60820 failed: Connection refused
== Info:   Trying 127.0.0.1:60756...
== Info: Connected to localhost (127.0.0.1) port 60756
=> Send header, 88 bytes (0x58)
0000: HEAD /api/audit HTTP/1.1
001a: Host: localhost:60756
0031: User-Agent: curl/8.7.1
0049: Accept: */*
0056: 
== Info: Request completely sent off
<= Recv header, 15 bytes (0xf)
0000: HTTP/1.1 200 
<= Recv header, 52 bytes (0x34)
0000: X-Request-Id: e65bd520-ba70-4c1d-9c90-0bea79585bc7
<= Recv header, 32 bytes (0x20)
0000: Content-Type: application/json
<= Recv header, 37 bytes (0x25)
0000: Date: Sun, 04 Oct 2026 02:28:49 GMT
<= Recv header, 2 bytes (0x2)
0000: 
== Info: Connection #0 to host localhost left intact
