== Info: Host localhost:60830 was resolved.
== Info: IPv6: ::1
== Info: IPv4: 127.0.0.1
== Info:   Trying [::1]:60830...
== Info: connect to ::1 port 60830 from ::1 port 60891 failed: Connection refused
== Info:   Trying 127.0.0.1:60830...
== Info: Connected to localhost (127.0.0.1) port 60830
=> Send header, 140 bytes (0x8c)
0000: POST /api/links HTTP/1.1
001a: Host: localhost:60830
0031: User-Agent: curl/8.7.1
0049: Accept: */*
0056: Content-Type: application/json
0076: Content-Length: 48
008a: 
=> Send data, 48 bytes (0x30)
0000: {"url": "https://example.com/qa06/client-group"}
== Info: upload completely sent off: 48 bytes
<= Recv header, 15 bytes (0xf)
0000: HTTP/1.1 201 
<= Recv header, 52 bytes (0x34)
0000: X-Request-Id: 9fed17db-aa4b-4229-90e8-5af5c1cfbcd2
<= Recv header, 31 bytes (0x1f)
0000: Location: /api/links/4lfPjZ48
<= Recv header, 32 bytes (0x20)
0000: Content-Type: application/json
<= Recv header, 28 bytes (0x1c)
0000: Transfer-Encoding: chunked
<= Recv header, 37 bytes (0x25)
0000: Date: Sun, 04 Oct 2026 02:28:51 GMT
<= Recv header, 2 bytes (0x2)
0000: 
<= Recv data, 171 bytes (0xab)
0000: a5
0004: {"code":"4lfPjZ48","shortUrl":"http://localhost:8080/4lfPjZ48","
0044: url":"https://example.com/qa06/client-group","state":"active","c
0084: reatedAt":"2026-10-04T02:28:51.865Z"}
<= Recv data, 5 bytes (0x5)
0000: 0
0003: 
== Info: Connection #0 to host localhost left intact
