== Info: Host localhost:61289 was resolved.
== Info: IPv6: ::1
== Info: IPv4: 127.0.0.1
== Info:   Trying [::1]:61289...
== Info: connect to ::1 port 61289 from ::1 port 61364 failed: Connection refused
== Info:   Trying 127.0.0.1:61289...
== Info: Connected to localhost (127.0.0.1) port 61289
=> Send header, 116 bytes (0x74)
0000: HEAD /api/audit HTTP/1.1
001a: Host: localhost:61289
0031: User-Agent: curl/8.7.1
0049: Accept: */*
0056: X-Forwarded-For: 127.0.0.2
0072: 
== Info: Request completely sent off
<= Recv header, 15 bytes (0xf)
0000: HTTP/1.1 403 
<= Recv header, 52 bytes (0x34)
0000: X-Request-Id: c7fdddbe-16e0-409b-8e15-aa002455b94f
<= Recv header, 40 bytes (0x28)
0000: Content-Type: application/problem+json
<= Recv header, 37 bytes (0x25)
0000: Date: Sun, 04 Oct 2026 02:29:05 GMT
<= Recv header, 2 bytes (0x2)
0000: 
== Info: Connection #0 to host localhost left intact
