== Info: Host localhost:54124 was resolved.
== Info: IPv6: ::1
== Info: IPv4: 127.0.0.1
== Info:   Trying [::1]:54124...
== Info: connect to ::1 port 54124 from ::1 port 54264 failed: Connection refused
== Info:   Trying 127.0.0.1:54124...
== Info: Connected to localhost (127.0.0.1) port 54124
=> Send header, 99 bytes (0x63)
0000: GET /api/audit HTTP/1.1
0019: Host: localhost:54124
0030: User-Agent: curl/8.7.1
0048: Accept: */*
0055: Forwarded:
0061: 
== Info: Request completely sent off
<= Recv header, 15 bytes (0xf)
0000: HTTP/1.1 403 
<= Recv header, 52 bytes (0x34)
0000: X-Request-Id: c7663141-5e55-45c8-ae62-825cf7639804
<= Recv header, 40 bytes (0x28)
0000: Content-Type: application/problem+json
<= Recv header, 28 bytes (0x1c)
0000: Transfer-Encoding: chunked
<= Recv header, 37 bytes (0x25)
0000: Date: Sun, 04 Oct 2026 01:05:21 GMT
<= Recv header, 2 bytes (0x2)
0000: 
<= Recv data, 99 bytes (0x63)
0000: 5d
0004: {"instance":"urn:uuid:c7663141-5e55-45c8-ae62-825cf7639804","sta
0044: tus":403,"title":"Forbidden"}
<= Recv data, 5 bytes (0x5)
0000: 0
0003: 
== Info: Connection #0 to host localhost left intact
