== Info: Host localhost:54581 was resolved.
== Info: IPv6: ::1
== Info: IPv4: 127.0.0.1
== Info:   Trying [::1]:54581...
== Info: connect to ::1 port 54581 from ::1 port 54671 failed: Connection refused
== Info:   Trying 127.0.0.1:54581...
== Info: Connected to localhost (127.0.0.1) port 54581
=> Send header, 88 bytes (0x58)
0000: HEAD /api/audit HTTP/1.1
001a: Host: localhost:54581
0031: User-Agent: curl/8.7.1
0049: Accept: */*
0056: 
== Info: Request completely sent off
<= Recv header, 15 bytes (0xf)
0000: HTTP/1.1 403 
<= Recv header, 52 bytes (0x34)
0000: X-Request-Id: 361346d9-1cd6-49ed-ae18-1a360c6c5da8
<= Recv header, 40 bytes (0x28)
0000: Content-Type: application/problem+json
<= Recv header, 37 bytes (0x25)
0000: Date: Sun, 04 Oct 2026 01:05:32 GMT
<= Recv header, 2 bytes (0x2)
0000: 
== Info: Connection #0 to host localhost left intact
